// Jest Snapshot v1, https://goo.gl/fbAQLP

exports[`StoreLocator renders correctly 1`] = `
Array [
  <div
    className="Header"
  >
    <img
      alt="wired brain"
      src="images/wired-brain-coffee-logo.png"
    />
  </div>,
  <div />,
  <div
    className="MapBox"
  >
    <img
      src="images/none.png"
    />
  </div>,
]
`;
